--------------------------------------------------------------------------------------
Timing Analyzer Summary
--------------------------------------------------------------------------------------

Type           : Worst-case tco
Slack          : N/A
Required Time  : None
Actual Time    : 6.525 ns
From           : sm_top:sm_top|sm_clk_divider:sm_clk_divider|sm_register_we:r_cntr|q[26]
To             : LED[0]
From Clock     : CLK
To Clock       : --
Failed Paths   : 0

Type           : Clock Setup: 'CLK'
Slack          : N/A
Required Time  : None
Actual Time    : Restricted to 275.03 MHz ( period = 3.636 ns )
From           : sm_top:sm_top|sm_clk_divider:sm_clk_divider|sm_register_we:r_cntr|q[1]
To             : sm_top:sm_top|sm_clk_divider:sm_clk_divider|sm_register_we:r_cntr|q[24]
From Clock     : CLK
To Clock       : CLK
Failed Paths   : 0

Type           : Total number of failed paths
Slack          : 
Required Time  : 
Actual Time    : 
From           : 
To             : 
From Clock     : 
To Clock       : 
Failed Paths   : 0

--------------------------------------------------------------------------------------

